10:59:58 | INFO    | nepal_thrift | Database migration complete.
10:59:59 | INFO    | nepal_thrift | Nepal Thrift initialized (env=development)
 * Serving Flask app 'app'
 * Debug mode: on
11:00:01 | INFO    | nepal_thrift | Database migration complete.
11:00:03 | INFO    | nepal_thrift | Nepal Thrift initialized (env=development)
11:03:22 | INFO    | nepal_thrift | Database migration complete.
11:03:24 | INFO    | nepal_thrift | Nepal Thrift initialized (env=development)
11:03:30 | INFO    | nepal_thrift | Database migration complete.
11:03:31 | INFO    | nepal_thrift | Nepal Thrift initialized (env=development)
11:03:40 | INFO    | nepal_thrift | Database migration complete.
11:03:41 | INFO    | nepal_thrift | Nepal Thrift initialized (env=development)
11:09:34 | INFO    | nepal_thrift | GET / -> 200 (6.7ms) [trace=790b30e454fe]
11:09:37 | INFO    | nepal_thrift | GET /favicon.ico -> 404 (0.4ms) [trace=3f662aadb5e0]
11:09:46 | INFO    | nepal_thrift | GET /shop -> 200 (58.0ms) [trace=e2561257e6b1]
11:09:47 | INFO    | nepal_thrift | GET /api/auth/status -> 200 (0.3ms) [trace=48d85ccbc54b]
11:09:47 | INFO    | nepal_thrift | GET /api/cart -> 200 (0.3ms) [trace=f4a2db61701e]
11:10:26 | INFO    | nepal_thrift | POST /api/cart/add -> 200 (4.3ms) [trace=d263831e62fd]
11:12:32 | INFO    | nepal_thrift | GET /api/v1/products -> 200 (12.5ms) [trace=3661284d25b2]
11:12:33 | INFO    | nepal_thrift | GET /api/v1/products -> 200 (13.5ms) [trace=1ffcca3e5c09]
11:12:34 | INFO    | nepal_thrift | GET /api/v1/products -> 200 (8.0ms) [trace=1de675b1cdc3]
11:12:35 | INFO    | nepal_thrift | GET /api/v1/products -> 200 (17.7ms) [trace=704028f8a150]
11:12:35 | INFO    | nepal_thrift | GET /api/v1/products -> 200 (10.1ms) [trace=e0128599f34b]
11:12:36 | INFO    | nepal_thrift | GET /api/v1/products -> 200 (7.4ms) [trace=339ddcc781da]
11:12:37 | INFO    | nepal_thrift | GET /api/v1/products -> 200 (0.4ms) [trace=fa62448a4fe1]
11:12:38 | INFO    | nepal_thrift | GET /api/v1/products -> 200 (6.0ms) [trace=bf992eab6994]
11:12:39 | INFO    | nepal_thrift | GET /api/v1/products -> 200 (0.4ms) [trace=4640b0fb0b89]
11:12:43 | INFO    | nepal_thrift | GET /api/v1/products -> 200 (5.1ms) [trace=6ea5c72ac557]
11:12:55 | INFO    | nepal_thrift | Try-on attempt with engine=composite

============================================================
FREE VIRTUAL TRY-ON (No Paid APIs)
============================================================
[Step 1] Loading mannequin...
[Free Virtual Try-On] Error: 'charmap' codec can't encode character '\u2192' in position 2: character maps to <undefined>
11:12:56 | INFO    | nepal_thrift | POST /api/ai/tryon/compose -> 200 (404.0ms) [trace=a27b7973819a]
11:13:48 | INFO    | nepal_thrift | GET /shop -> 200 (66.5ms) [trace=0368365342cc]
11:13:48 | INFO    | nepal_thrift | GET /api/auth/status -> 200 (0.2ms) [trace=2b00da24a820]
11:13:48 | INFO    | nepal_thrift | GET /api/cart -> 200 (0.3ms) [trace=f0112ba2c88e]
11:13:54 | INFO    | nepal_thrift | GET /shop -> 200 (22.8ms) [trace=324620511021]
11:13:54 | INFO    | nepal_thrift | GET /api/auth/status -> 200 (0.4ms) [trace=0197d640d4a6]
11:13:54 | INFO    | nepal_thrift | GET /api/cart -> 200 (1.5ms) [trace=92e44b23b544]
11:14:15 | INFO    | nepal_thrift | Try-on attempt with engine=composite

============================================================
FREE VIRTUAL TRY-ON (No Paid APIs)
============================================================
[Step 1] Loading mannequin...
[Free Virtual Try-On] Error: 'charmap' codec can't encode character '\u2192' in position 2: character maps to <undefined>
11:14:15 | INFO    | nepal_thrift | POST /api/ai/tryon/compose -> 200 (79.0ms) [trace=8aa830f95da3]
11:14:39 | INFO    | nepal_thrift | Try-on attempt with engine=composite

============================================================
FREE VIRTUAL TRY-ON (No Paid APIs)
============================================================
[Step 1] Loading mannequin...
[Free Virtual Try-On] Error: 'charmap' codec can't encode character '\u2192' in position 2: character maps to <undefined>
11:14:39 | INFO    | nepal_thrift | POST /api/ai/tryon/compose -> 200 (62.8ms) [trace=4c812a6a7705]
11:15:10 | INFO    | nepal_thrift | POST /api/outfit/suggest -> 200 (5.3ms) [trace=34dada532d43]
11:15:11 | INFO    | nepal_thrift | POST /api/outfit/suggest -> 200 (4.8ms) [trace=f60392cad11b]
11:15:23 | INFO    | nepal_thrift | POST /api/ai/tryon/feedback -> 200 (14.3ms) [trace=c28fc952b757]
11:16:12 | INFO    | nepal_thrift | GET /shop -> 200 (8.9ms) [trace=59f2f92e785d]
11:16:12 | INFO    | nepal_thrift | GET /api/auth/status -> 200 (0.6ms) [trace=d42263462d04]
11:16:12 | INFO    | nepal_thrift | GET /api/cart -> 200 (0.3ms) [trace=0b69d5a4ffa3]
11:16:15 | INFO    | nepal_thrift | GET /shop -> 200 (13.5ms) [trace=11973e6d1e65]
11:16:15 | INFO    | nepal_thrift | GET /api/cart -> 200 (0.3ms) [trace=13bac90b87ab]
11:16:15 | INFO    | nepal_thrift | GET /api/auth/status -> 200 (0.3ms) [trace=5bd1782a10c4]
11:16:47 | INFO    | nepal_thrift | POST /api/auth/login -> 200 (221.3ms) [trace=51894f7ffbbf]
11:16:47 | INFO    | nepal_thrift | GET /api/cart -> 200 (14.4ms) [trace=55aa15d968db]
11:17:02 | INFO    | nepal_thrift | GET /shop -> 200 (18.9ms) [trace=9e99ebbada46]
11:17:02 | INFO    | nepal_thrift | GET /api/auth/status -> 200 (11.6ms) [trace=c2599f6d3dbe]
11:17:03 | INFO    | nepal_thrift | GET /api/cart -> 200 (25.0ms) [trace=bb50bff48be1]
11:17:27 | INFO    | nepal_thrift | GET /size-chart -> 200 (2.8ms) [trace=72ef5b81fba4]
11:17:30 | INFO    | nepal_thrift | GET /mirror -> 200 (23.6ms) [trace=3047042f11f2]
11:17:30 | INFO    | nepal_thrift | GET /api/auth/status -> 200 (17.0ms) [trace=430fc8ce24b7]
11:17:30 | INFO    | nepal_thrift | GET /api/cart -> 200 (19.0ms) [trace=21d599e4b799]
11:17:44 | INFO    | nepal_thrift | GET /shop -> 200 (30.5ms) [trace=c0d408e1bca1]
11:17:44 | INFO    | nepal_thrift | GET /api/auth/status -> 200 (8.7ms) [trace=9934a74f8824]
11:17:44 | INFO    | nepal_thrift | GET /api/cart -> 200 (13.6ms) [trace=278a4aa68063]
11:19:13 | INFO    | nepal_thrift | GET /admin/login -> 200 (5.6ms) [trace=c1978dd25bfd]
11:19:25 | INFO    | nepal_thrift | POST /admin/login -> 302 (228.7ms) [trace=0cbe2f962ab3]
11:19:26 | INFO    | nepal_thrift | GET /admin -> 200 (37.4ms) [trace=7b358873e94a]
11:19:41 | INFO    | nepal_thrift | GET /edit-product/3 -> 200 (26.8ms) [trace=51f870e66ea6]
11:20:53 | INFO    | nepal_thrift | AppError: Unsupported image type '.avif'. Allowed: jpg, jpeg, png, webp, gif (422)
11:20:53 | INFO    | nepal_thrift | POST /update-product/3 -> 422 (4.6ms) [trace=32ea37970702]
11:21:52 | INFO    | nepal_thrift | AppError: Unsupported image type '.avif'. Allowed: jpg, jpeg, png, webp, gif (422)
11:21:52 | INFO    | nepal_thrift | POST /update-product/3 -> 422 (4.1ms) [trace=37fbe86d27aa]
11:21:57 | INFO    | nepal_thrift | AppError: Unsupported image type '.avif'. Allowed: jpg, jpeg, png, webp, gif (422)
11:21:57 | INFO    | nepal_thrift | POST /update-product/3 -> 422 (10.4ms) [trace=1d179bbbb1d6]
11:22:07 | INFO    | nepal_thrift | Stored product image 33e79e42ede1405e81584a81994fbc52 (original/opt/thumb)
11:22:07 | INFO    | nepal_thrift | POST /update-product/3 -> 302 (98.2ms) [trace=0db1e95e822f]
11:22:07 | INFO    | nepal_thrift | GET /admin -> 200 (5.4ms) [trace=84451a4922fc]
11:22:17 | INFO    | nepal_thrift | GET /shop -> 200 (16.0ms) [trace=898d18663b49]
11:22:17 | INFO    | nepal_thrift | GET /api/auth/status -> 200 (6.3ms) [trace=d40e4719afbf]
11:22:17 | INFO    | nepal_thrift | GET /api/cart -> 200 (9.5ms) [trace=bddc5ddee2ae]
11:23:18 | INFO    | nepal_thrift | POST /api/auth/logout -> 200 (0.2ms) [trace=5cbbc2f37f5f]
11:23:18 | INFO    | nepal_thrift | GET /shop -> 200 (8.1ms) [trace=49e6cdd86f04]
11:23:18 | INFO    | nepal_thrift | GET /api/auth/status -> 200 (0.3ms) [trace=a7a0d53c2f94]
11:23:18 | INFO    | nepal_thrift | GET /api/cart -> 200 (0.2ms) [trace=23ab4c8357a4]
11:25:06 | INFO    | nepal_thrift | GET /shop -> 200 (8.5ms) [trace=6bdeeb41bd3a]
11:25:06 | INFO    | nepal_thrift | GET /api/auth/status -> 200 (0.3ms) [trace=fd0a6e3e87ec]
11:25:06 | INFO    | nepal_thrift | GET /api/cart -> 200 (0.2ms) [trace=5755686815ce]
11:25:45 | INFO    | nepal_thrift | Try-on attempt with engine=composite

============================================================
FREE VIRTUAL TRY-ON (No Paid APIs)
============================================================
[Step 1] Loading mannequin...
[Free Virtual Try-On] Error: 'charmap' codec can't encode character '\u2192' in position 2: character maps to <undefined>
11:25:45 | INFO    | nepal_thrift | POST /api/ai/tryon/compose -> 200 (75.6ms) [trace=6a1ae3aec59d]
11:25:46 | INFO    | nepal_thrift | Try-on attempt with engine=composite

============================================================
FREE VIRTUAL TRY-ON (No Paid APIs)
============================================================
[Step 1] Loading mannequin...
[Free Virtual Try-On] Error: 'charmap' codec can't encode character '\u2192' in position 2: character maps to <undefined>
11:25:46 | INFO    | nepal_thrift | POST /api/ai/tryon/compose -> 200 (75.6ms) [trace=2abab5f1826d]
11:25:48 | INFO    | nepal_thrift | Try-on attempt with engine=composite

============================================================
FREE VIRTUAL TRY-ON (No Paid APIs)
============================================================
[Step 1] Loading mannequin...
[Free Virtual Try-On] Error: 'charmap' codec can't encode character '\u2192' in position 2: character maps to <undefined>
11:25:49 | INFO    | nepal_thrift | POST /api/ai/tryon/compose -> 200 (919.7ms) [trace=311dfbd4afce]
11:25:50 | INFO    | nepal_thrift | Try-on attempt with engine=composite

============================================================
FREE VIRTUAL TRY-ON (No Paid APIs)
============================================================
[Step 1] Loading mannequin...
[Free Virtual Try-On] Error: 'charmap' codec can't encode character '\u2192' in position 2: character maps to <undefined>
11:25:50 | INFO    | nepal_thrift | POST /api/ai/tryon/compose -> 200 (61.1ms) [trace=63c3e349c143]
11:25:51 | INFO    | nepal_thrift | Try-on attempt with engine=composite

============================================================
FREE VIRTUAL TRY-ON (No Paid APIs)
============================================================
[Step 1] Loading mannequin...
[Free Virtual Try-On] Error: 'charmap' codec can't encode character '\u2192' in position 2: character maps to <undefined>
11:25:51 | INFO    | nepal_thrift | POST /api/ai/tryon/compose -> 200 (57.7ms) [trace=e8655b240751]
11:25:52 | INFO    | nepal_thrift | Try-on attempt with engine=composite

============================================================
FREE VIRTUAL TRY-ON (No Paid APIs)
============================================================
[Step 1] Loading mannequin...
[Free Virtual Try-On] Error: 'charmap' codec can't encode character '\u2192' in position 2: character maps to <undefined>
11:25:52 | INFO    | nepal_thrift | POST /api/ai/tryon/compose -> 200 (59.1ms) [trace=8e770e077700]
11:26:15 | INFO    | nepal_thrift | Try-on attempt with engine=composite

============================================================
FREE VIRTUAL TRY-ON (No Paid APIs)
============================================================
[Step 1] Loading mannequin...
[Free Virtual Try-On] Error: 'charmap' codec can't encode character '\u2192' in position 2: character maps to <undefined>
11:26:15 | INFO    | nepal_thrift | POST /api/ai/tryon/compose -> 200 (63.4ms) [trace=f1cc48f27501]
11:26:16 | INFO    | nepal_thrift | Try-on attempt with engine=composite

============================================================
FREE VIRTUAL TRY-ON (No Paid APIs)
============================================================
[Step 1] Loading mannequin...
[Free Virtual Try-On] Error: 'charmap' codec can't encode character '\u2192' in position 2: character maps to <undefined>
11:26:16 | INFO    | nepal_thrift | POST /api/ai/tryon/compose -> 200 (58.4ms) [trace=3eef2f751602]
11:26:17 | INFO    | nepal_thrift | Try-on attempt with engine=composite

============================================================
FREE VIRTUAL TRY-ON (No Paid APIs)
============================================================
[Step 1] Loading mannequin...
[Free Virtual Try-On] Error: 'charmap' codec can't encode character '\u2192' in position 2: character maps to <undefined>
11:26:17 | INFO    | nepal_thrift | POST /api/ai/tryon/compose -> 200 (57.9ms) [trace=83e35247ff7f]
11:26:18 | INFO    | nepal_thrift | Try-on attempt with engine=composite

============================================================
FREE VIRTUAL TRY-ON (No Paid APIs)
============================================================
[Step 1] Loading mannequin...
[Free Virtual Try-On] Error: 'charmap' codec can't encode character '\u2192' in position 2: character maps to <undefined>
11:26:18 | INFO    | nepal_thrift | POST /api/ai/tryon/compose -> 200 (78.0ms) [trace=c3d66e54822f]
11:26:18 | INFO    | nepal_thrift | Try-on attempt with engine=composite

============================================================
FREE VIRTUAL TRY-ON (No Paid APIs)
============================================================
[Step 1] Loading mannequin...
[Free Virtual Try-On] Error: 'charmap' codec can't encode character '\u2192' in position 2: character maps to <undefined>
11:26:18 | INFO    | nepal_thrift | POST /api/ai/tryon/compose -> 200 (74.2ms) [trace=d0b38c272aff]
11:26:18 | INFO    | nepal_thrift | Try-on attempt with engine=composite

============================================================
FREE VIRTUAL TRY-ON (No Paid APIs)
============================================================
[Step 1] Loading mannequin...
[Free Virtual Try-On] Error: 'charmap' codec can't encode character '\u2192' in position 2: character maps to <undefined>
11:26:18 | INFO    | nepal_thrift | POST /api/ai/tryon/compose -> 200 (56.3ms) [trace=97a07b540bb8]
11:26:18 | INFO    | nepal_thrift | Try-on attempt with engine=composite

============================================================
FREE VIRTUAL TRY-ON (No Paid APIs)
============================================================
[Step 1] Loading mannequin...
[Free Virtual Try-On] Error: 'charmap' codec can't encode character '\u2192' in position 2: character maps to <undefined>
11:26:18 | INFO    | nepal_thrift | POST /api/ai/tryon/compose -> 200 (57.7ms) [trace=e038d6dae634]
11:41:58 | INFO    | nepal_thrift | GET / -> 200 (0.6ms) [trace=2489ff4e748c]
11:42:04 | INFO    | nepal_thrift | GET /favicon.ico -> 404 (0.4ms) [trace=3b580448212e]
11:42:12 | INFO    | nepal_thrift | GET /shop -> 200 (28.3ms) [trace=8dce43061848]
11:42:13 | INFO    | nepal_thrift | GET /api/cart -> 200 (0.3ms) [trace=aa78ee022c50]
11:42:13 | INFO    | nepal_thrift | GET /api/auth/status -> 200 (0.2ms) [trace=940a3b7c1e57]
11:42:59 | INFO    | nepal_thrift | GET /api/v1/products -> 200 (6.9ms) [trace=64b3d9ab09fc]
11:43:00 | INFO    | nepal_thrift | GET /api/v1/products -> 200 (4.2ms) [trace=4567499ac105]
11:43:01 | INFO    | nepal_thrift | GET /api/v1/products -> 200 (4.5ms) [trace=26c227190e30]
11:43:02 | INFO    | nepal_thrift | GET /api/v1/products -> 200 (7.6ms) [trace=81349e8d1fc4]
11:44:24 | INFO    | nepal_thrift | POST /api/cart/add -> 200 (3.9ms) [trace=e342dbeecac3]
11:44:36 | INFO    | nepal_thrift | Try-on attempt with engine=composite

============================================================
FREE VIRTUAL TRY-ON (No Paid APIs)
============================================================
[Step 1] Loading mannequin...
[Free Virtual Try-On] Error: 'charmap' codec can't encode character '\u2192' in position 2: character maps to <undefined>
11:44:36 | INFO    | nepal_thrift | POST /api/ai/tryon/compose -> 200 (99.1ms) [trace=fc6c57503cab]
11:44:42 | INFO    | nepal_thrift | POST /api/ai/tryon/feedback -> 200 (9.7ms) [trace=c1b6b727bed9]
11:45:10 | INFO    | nepal_thrift | POST /api/auth/signup -> 400 (9.1ms) [trace=5e08ec562547]
11:45:18 | INFO    | nepal_thrift | POST /api/auth/signup -> 200 (592.5ms) [trace=dd307618b85e]
11:45:18 | INFO    | nepal_thrift | GET /api/cart -> 200 (12.4ms) [trace=d4b73d9a1c9f]
11:46:15 | INFO    | nepal_thrift | GET / -> 200 (0.5ms) [trace=97002e875b45]
11:46:23 | INFO    | nepal_thrift | GET /shop -> 200 (25.2ms) [trace=1dd255caaaf6]
11:46:24 | INFO    | nepal_thrift | GET /api/auth/status -> 200 (4.0ms) [trace=1753314a7ab0]
11:46:24 | INFO    | nepal_thrift | GET /api/cart -> 200 (9.9ms) [trace=9d9f4bc8c207]
11:46:41 | INFO    | nepal_thrift | POST /api/cart/add -> 200 (90.6ms) [trace=451b51f73fd8]
11:46:44 | INFO    | nepal_thrift | GET /checkout -> 200 (14.1ms) [trace=e0d4e5604073]
11:46:45 | INFO    | nepal_thrift | GET /api/cart -> 200 (7.8ms) [trace=5eddd91c8635]
11:46:52 | INFO    | nepal_thrift | POST /api/checkout -> 200 (48.7ms) [trace=32b292739db6]
11:46:52 | INFO    | nepal_thrift | Payment initiated: order=4 provider=card
11:46:52 | INFO    | nepal_thrift | POST /api/v1/payments/initiate -> 200 (53.0ms) [trace=e6da2a916f76]
11:46:58 | INFO    | nepal_thrift | Payment verified: order=4 provider=card
11:46:58 | INFO    | nepal_thrift | POST /api/v1/payments/verify -> 200 (41.0ms) [trace=2b001cabbf23]
11:49:05 | INFO    | nepal_thrift | GET /shop -> 200 (11.4ms) [trace=c5b0edf8654d]
11:49:06 | INFO    | nepal_thrift | GET /api/auth/status -> 200 (3.9ms) [trace=0ef1c4f12eba]
11:49:06 | INFO    | nepal_thrift | GET /api/cart -> 200 (12.2ms) [trace=dfb92a504802]
11:49:13 | INFO    | nepal_thrift | POST /api/cart/remove -> 200 (24.2ms) [trace=01684b07bff8]
11:49:22 | INFO    | nepal_thrift | POST /api/auth/logout -> 200 (0.2ms) [trace=51a5b10a68a4]
11:49:22 | INFO    | nepal_thrift | GET /shop -> 200 (40.1ms) [trace=ff5ca86f8772]
11:49:22 | INFO    | nepal_thrift | GET /api/auth/status -> 200 (0.2ms) [trace=fb3af2b5cd73]
11:49:22 | INFO    | nepal_thrift | GET /api/cart -> 200 (0.5ms) [trace=a0f5f8897eab]
11:49:26 | INFO    | nepal_thrift | GET /shop -> 200 (11.0ms) [trace=27d83188fa4c]
11:49:26 | INFO    | nepal_thrift | GET /api/auth/status -> 200 (0.3ms) [trace=acc218979cf2]
11:49:26 | INFO    | nepal_thrift | GET /api/cart -> 200 (0.3ms) [trace=75fd74125b4b]
11:49:30 | INFO    | nepal_thrift | GET /size-chart -> 200 (0.6ms) [trace=c8cb2c16a611]
11:49:31 | INFO    | nepal_thrift | GET /shop -> 200 (10.3ms) [trace=ee274a5d3814]
11:49:32 | INFO    | nepal_thrift | GET /api/auth/status -> 200 (0.2ms) [trace=08fa231d94ac]
11:49:32 | INFO    | nepal_thrift | GET /api/cart -> 200 (0.2ms) [trace=7c72843116cb]
11:54:20 | INFO    | nepal_thrift | GET /admin/login -> 200 (0.6ms) [trace=dedbfceb609a]
11:54:22 | INFO    | nepal_thrift | GET /favicon.ico -> 404 (0.4ms) [trace=e41e3a8cec60]
11:54:44 | INFO    | nepal_thrift | POST /admin/login -> 302 (3266.3ms) [trace=6b8d2f48e7d1]
11:54:44 | INFO    | nepal_thrift | GET /admin -> 200 (8.6ms) [trace=64e163c8764b]
11:55:04 | INFO    | nepal_thrift | GET /edit-product/3 -> 200 (5.0ms) [trace=bc8ed75898ae]
11:55:13 | INFO    | nepal_thrift | POST /update-product/3 -> 302 (26.8ms) [trace=617cf73c6f20]
11:55:13 | INFO    | nepal_thrift | GET /admin -> 200 (6.7ms) [trace=0d44727c7405]
11:55:29 | INFO    | nepal_thrift | GET /admin/logout -> 302 (0.2ms) [trace=ec3386aaa913]
11:55:29 | INFO    | nepal_thrift | GET /admin/login -> 200 (0.5ms) [trace=744132e10c7e]
11:55:44 | INFO    | nepal_thrift | GET / -> 200 (0.5ms) [trace=ddbe9874f2a9]
11:55:51 | INFO    | nepal_thrift | GET /shop -> 200 (16.4ms) [trace=796b37f17b6e]
11:55:52 | INFO    | nepal_thrift | GET /api/auth/status -> 200 (4.1ms) [trace=36dcad273272]
11:55:52 | INFO    | nepal_thrift | GET /api/cart -> 200 (9.3ms) [trace=9a19b26ab7ef]
11:56:05 | INFO    | nepal_thrift | POST /api/cart/add -> 200 (28.6ms) [trace=61ce2741bf25]
11:56:25 | INFO    | nepal_thrift | Try-on attempt with engine=composite

============================================================
FREE VIRTUAL TRY-ON (No Paid APIs)
============================================================
[Step 1] Loading mannequin...
[Free Virtual Try-On] Error: 'charmap' codec can't encode character '\u2192' in position 2: character maps to <undefined>
11:56:25 | INFO    | nepal_thrift | POST /api/ai/tryon/compose -> 200 (108.5ms) [trace=6b23001bf1f0]
12:00:04 | INFO    | nepal_thrift | GET /shop -> 200 (19.8ms) [trace=b647ff6ee8cb]
12:00:04 | INFO    | nepal_thrift | GET /api/auth/status -> 200 (5.9ms) [trace=5406a4899b9a]
12:00:04 | INFO    | nepal_thrift | GET /api/cart -> 200 (15.7ms) [trace=cce59dc8392d]
12:00:36 | INFO    | nepal_thrift | GET /shop -> 200 (17.4ms) [trace=099899ae498c]
12:00:36 | INFO    | nepal_thrift | GET /api/auth/status -> 200 (4.5ms) [trace=5c0b59813e13]
12:00:36 | INFO    | nepal_thrift | GET /api/cart -> 200 (13.9ms) [trace=20bf1e38f2aa]
12:03:14 | INFO    | nepal_thrift | GET /shop -> 200 (13.7ms) [trace=7c20d6f3598c]
12:03:14 | INFO    | nepal_thrift | GET /api/auth/status -> 200 (3.4ms) [trace=9ebe3fb3ee71]
12:03:14 | INFO    | nepal_thrift | GET /api/cart -> 200 (18.4ms) [trace=56e497028544]
12:03:49 | INFO    | nepal_thrift | Try-on attempt with engine=composite

============================================================
FREE VIRTUAL TRY-ON (No Paid APIs)
============================================================
[Step 1] Loading mannequin...
[Free Virtual Try-On] Error: 'charmap' codec can't encode character '\u2192' in position 2: character maps to <undefined>
12:03:49 | INFO    | nepal_thrift | POST /api/ai/tryon/compose -> 200 (76.2ms) [trace=4deaaee17d5b]
12:09:06 | INFO    | nepal_thrift | GET /admin/login -> 200 (0.6ms) [trace=39dda4ca5be6]
12:09:30 | INFO    | nepal_thrift | POST /admin/login -> 302 (197.1ms) [trace=48dd40e72b1a]
12:09:30 | INFO    | nepal_thrift | GET /admin -> 200 (6.9ms) [trace=478a41edcba4]
12:11:25 | INFO    | nepal_thrift | GET /edit-product/3 -> 200 (4.7ms) [trace=ee0ff010ae87]
12:11:46 | INFO    | nepal_thrift | Stored product image fa767c6bb4d14d5995fa79bed4e07915 (original/opt/thumb)
12:11:46 | INFO    | nepal_thrift | POST /update-product/3 -> 302 (32.7ms) [trace=aba69645ea14]
12:11:46 | INFO    | nepal_thrift | GET /admin -> 200 (5.5ms) [trace=fb931685ccde]
12:11:53 | INFO    | nepal_thrift | GET /admin/logout -> 302 (0.2ms) [trace=6b75b2ad8d90]
12:11:53 | INFO    | nepal_thrift | GET /admin/login -> 200 (0.7ms) [trace=c60b8edc9970]
12:11:56 | INFO    | nepal_thrift | GET /shop -> 200 (13.9ms) [trace=ed18ccaa561b]
12:11:56 | INFO    | nepal_thrift | GET /api/auth/status -> 200 (4.1ms) [trace=0abc865fd146]
12:11:56 | INFO    | nepal_thrift | GET /api/cart -> 200 (8.6ms) [trace=5910cc427425]
12:15:54 | INFO    | nepal_thrift | GET / -> 200 (0.6ms) [trace=1d32b10a80e1]
12:15:57 | INFO    | nepal_thrift | GET / -> 200 (0.6ms) [trace=271f12434a6c]
12:16:05 | INFO    | nepal_thrift | GET /shop -> 200 (15.6ms) [trace=ddd9d878fb7d]
12:16:06 | INFO    | nepal_thrift | GET /api/auth/status -> 200 (5.1ms) [trace=217fa420d6c4]
12:16:06 | INFO    | nepal_thrift | GET /api/cart -> 200 (10.3ms) [trace=e968f68683e7]
12:31:47 | INFO    | nepal_thrift | GET /shop -> 200 (12.8ms) [trace=c8b05bc8b1c1]
12:31:48 | INFO    | nepal_thrift | GET /api/auth/status -> 200 (5.4ms) [trace=210bd2acd12a]
12:31:48 | INFO    | nepal_thrift | GET /api/cart -> 200 (21.4ms) [trace=6b110d08b98c]
12:32:42 | INFO    | nepal_thrift | GET /shop -> 200 (8.6ms) [trace=cb5af383d5c9]
12:32:42 | INFO    | nepal_thrift | GET /api/auth/status -> 200 (5.6ms) [trace=0b437c93057d]
12:32:42 | INFO    | nepal_thrift | GET /api/cart -> 200 (13.6ms) [trace=3e89a75f45d1]
12:36:34 | INFO    | nepal_thrift | Database migration complete.
12:36:36 | INFO    | nepal_thrift | Nepal Thrift initialized (env=development)
12:37:01 | ERROR   | nepal_thrift | Unhandled exception: The session is unavailable because no secret key was set.  Set the secret_key on the application to something unique and secret.
Traceback (most recent call last):
  File "C:\Users\Akhil Raja\AppData\Local\Programs\Python\Python314\Lib\site-packages\flask\app.py", line 917, in full_dispatch_request
    rv = self.dispatch_request()
  File "C:\Users\Akhil Raja\AppData\Local\Programs\Python\Python314\Lib\site-packages\flask\app.py", line 902, in dispatch_request
    return self.ensure_sync(self.view_functions[rule.endpoint])(**view_args)  # type: ignore[no-any-return]
           ~~~~~~~~~~~~~~~~~~~~~~~~~~~~~~~~~~~~~~~~~~~~~~~~~~~~^^^^^^^^^^^^^
  File "C:\Users\Akhil Raja\Downloads\nepal-thrift1-main\api\v1\routes\page_routes.py", line 37, in shop
    session["username"] = username
    ~~~~~~~^^^^^^^^^^^^
  File "C:\Users\Akhil Raja\AppData\Local\Programs\Python\Python314\Lib\site-packages\flask\sessions.py", line 90, in _fail
    raise RuntimeError(
    ...<3 lines>...
    )
RuntimeError: The session is unavailable because no secret key was set.  Set the secret_key on the application to something unique and secret.
12:37:14 | INFO    | nepal_thrift | GET / -> 200 (8.2ms) [trace=f828766e68c9]
12:37:25 | ERROR   | nepal_thrift | Unhandled exception: The session is unavailable because no secret key was set.  Set the secret_key on the application to something unique and secret.
Traceback (most recent call last):
  File "C:\Users\Akhil Raja\AppData\Local\Programs\Python\Python314\Lib\site-packages\flask\app.py", line 917, in full_dispatch_request
    rv = self.dispatch_request()
  File "C:\Users\Akhil Raja\AppData\Local\Programs\Python\Python314\Lib\site-packages\flask\app.py", line 902, in dispatch_request
    return self.ensure_sync(self.view_functions[rule.endpoint])(**view_args)  # type: ignore[no-any-return]
           ~~~~~~~~~~~~~~~~~~~~~~~~~~~~~~~~~~~~~~~~~~~~~~~~~~~~^^^^^^^^^^^^^
  File "C:\Users\Akhil Raja\Downloads\nepal-thrift1-main\api\v1\routes\page_routes.py", line 37, in shop
    session["username"] = username
    ~~~~~~~^^^^^^^^^^^^
  File "C:\Users\Akhil Raja\AppData\Local\Programs\Python\Python314\Lib\site-packages\flask\sessions.py", line 90, in _fail
    raise RuntimeError(
    ...<3 lines>...
    )
RuntimeError: The session is unavailable because no secret key was set.  Set the secret_key on the application to something unique and secret.
12:38:06 | INFO    | nepal_thrift | GET / -> 200 (0.9ms) [trace=82955aedac4e]
12:38:13 | INFO    | nepal_thrift | GET / -> 200 (0.7ms) [trace=a64d323c194b]
12:38:20 | ERROR   | nepal_thrift | Unhandled exception: The session is unavailable because no secret key was set.  Set the secret_key on the application to something unique and secret.
Traceback (most recent call last):
  File "C:\Users\Akhil Raja\AppData\Local\Programs\Python\Python314\Lib\site-packages\flask\app.py", line 917, in full_dispatch_request
    rv = self.dispatch_request()
  File "C:\Users\Akhil Raja\AppData\Local\Programs\Python\Python314\Lib\site-packages\flask\app.py", line 902, in dispatch_request
    return self.ensure_sync(self.view_functions[rule.endpoint])(**view_args)  # type: ignore[no-any-return]
           ~~~~~~~~~~~~~~~~~~~~~~~~~~~~~~~~~~~~~~~~~~~~~~~~~~~~^^^^^^^^^^^^^
  File "C:\Users\Akhil Raja\Downloads\nepal-thrift1-main\api\v1\routes\page_routes.py", line 37, in shop
    session["username"] = username
    ~~~~~~~^^^^^^^^^^^^
  File "C:\Users\Akhil Raja\AppData\Local\Programs\Python\Python314\Lib\site-packages\flask\sessions.py", line 90, in _fail
    raise RuntimeError(
    ...<3 lines>...
    )
RuntimeError: The session is unavailable because no secret key was set.  Set the secret_key on the application to something unique and secret.
12:38:22 | ERROR   | nepal_thrift | Unhandled exception: The session is unavailable because no secret key was set.  Set the secret_key on the application to something unique and secret.
Traceback (most recent call last):
  File "C:\Users\Akhil Raja\AppData\Local\Programs\Python\Python314\Lib\site-packages\flask\app.py", line 917, in full_dispatch_request
    rv = self.dispatch_request()
  File "C:\Users\Akhil Raja\AppData\Local\Programs\Python\Python314\Lib\site-packages\flask\app.py", line 902, in dispatch_request
    return self.ensure_sync(self.view_functions[rule.endpoint])(**view_args)  # type: ignore[no-any-return]
           ~~~~~~~~~~~~~~~~~~~~~~~~~~~~~~~~~~~~~~~~~~~~~~~~~~~~^^^^^^^^^^^^^
  File "C:\Users\Akhil Raja\Downloads\nepal-thrift1-main\api\v1\routes\page_routes.py", line 37, in shop
    session["username"] = username
    ~~~~~~~^^^^^^^^^^^^
  File "C:\Users\Akhil Raja\AppData\Local\Programs\Python\Python314\Lib\site-packages\flask\sessions.py", line 90, in _fail
    raise RuntimeError(
    ...<3 lines>...
    )
RuntimeError: The session is unavailable because no secret key was set.  Set the secret_key on the application to something unique and secret.
12:38:30 | ERROR   | nepal_thrift | Unhandled exception: The session is unavailable because no secret key was set.  Set the secret_key on the application to something unique and secret.
Traceback (most recent call last):
  File "C:\Users\Akhil Raja\AppData\Local\Programs\Python\Python314\Lib\site-packages\flask\app.py", line 917, in full_dispatch_request
    rv = self.dispatch_request()
  File "C:\Users\Akhil Raja\AppData\Local\Programs\Python\Python314\Lib\site-packages\flask\app.py", line 902, in dispatch_request
    return self.ensure_sync(self.view_functions[rule.endpoint])(**view_args)  # type: ignore[no-any-return]
           ~~~~~~~~~~~~~~~~~~~~~~~~~~~~~~~~~~~~~~~~~~~~~~~~~~~~^^^^^^^^^^^^^
  File "C:\Users\Akhil Raja\Downloads\nepal-thrift1-main\api\v1\routes\page_routes.py", line 37, in shop
    session["username"] = username
    ~~~~~~~^^^^^^^^^^^^
  File "C:\Users\Akhil Raja\AppData\Local\Programs\Python\Python314\Lib\site-packages\flask\sessions.py", line 90, in _fail
    raise RuntimeError(
    ...<3 lines>...
    )
RuntimeError: The session is unavailable because no secret key was set.  Set the secret_key on the application to something unique and secret.
12:40:20 | INFO    | nepal_thrift | Database migration complete.
12:40:21 | INFO    | nepal_thrift | Nepal Thrift initialized (env=development)
12:40:47 | INFO    | nepal_thrift | GET /shop -> 200 (51.2ms) [trace=5c9d5ac06088]
12:40:48 | INFO    | nepal_thrift | GET /api/auth/status -> 200 (0.3ms) [trace=5bef6ee743d4]
12:40:48 | INFO    | nepal_thrift | GET /api/cart -> 200 (0.2ms) [trace=558f10ef6987]
12:45:53 | INFO    | nepal_thrift | Database migration complete.
12:45:55 | INFO    | nepal_thrift | Nepal Thrift initialized (env=development)
12:46:18 | INFO    | nepal_thrift | Database migration complete.
12:46:19 | INFO    | nepal_thrift | Nepal Thrift initialized (env=development)
12:49:51 | INFO    | nepal_thrift | Database migration complete.
12:49:53 | INFO    | nepal_thrift | Nepal Thrift initialized (env=development)
12:51:38 | INFO    | nepal_thrift | GET / -> 200 (6.2ms) [trace=f1d29ed15aa2]
12:51:46 | INFO    | nepal_thrift | GET /shop -> 200 (55.2ms) [trace=3f544fa32ccf]
12:51:46 | INFO    | nepal_thrift | GET /api/auth/status -> 200 (0.3ms) [trace=1f643dee7988]
12:51:46 | INFO    | nepal_thrift | GET /api/cart -> 200 (0.3ms) [trace=76805277d197]
12:52:10 | INFO    | nepal_thrift | Try-on attempt with engine=replicate-vton
[12:52:11] ============================================================
[12:52:11] IDM-VTON Function Called
[12:52:11] API Key found: True
[12:52:11] API Key prefix: r8_UJltFgxYj10u...
[12:52:11] Mannequin: C:\Users\Akhil Raja\Downloads\nepal-thrift1-main\static\uploads\models\female_base.png (exists: True)
[12:52:11] Cloth: C:\Users\Akhil Raja\Downloads\nepal-thrift1-main\static\uploads\fa767c6bb4d14d5995fa79bed4e07915.jpg (exists: True)
[12:52:11] Category: upper_body
[12:52:11] Replicate client created
[12:52:11] Opening files...
[12:52:11] Files opened, calling Replicate API...
[12:52:11] Model: lucataco/kolors-virtual-try-on
[12:52:19] ERROR: ReplicateError Details:
status: 404
detail: The requested resource could not be found.
[12:52:19] Traceback:
Traceback (most recent call last):
  File "C:\Users\Akhil Raja\Downloads\nepal-thrift1-main\services\gemini_service.py", line 740, in replicate_idm_vton_tryon
    output = client.run(
        "lucataco/kolors-virtual-try-on",
    ...<5 lines>...
        }
    )
  File "C:\Users\Akhil Raja\AppData\Local\Programs\Python\Python314\Lib\site-packages\replicate\client.py", line 175, in run
    return run(self, ref, input, use_file_output=use_file_output, **params)
  File "C:\Users\Akhil Raja\AppData\Local\Programs\Python\Python314\Lib\site-packages\replicate\run.py", line 50, in run
    prediction = client.models.predictions.create(
        model=(owner, name), input=input or {}, **params
    )
  File "C:\Users\Akhil Raja\AppData\Local\Programs\Python\Python314\Lib\site-packages\replicate\model.py", line 405, in create
    resp = self._client._request("POST", path, json=body, **extras)
  File "C:\Users\Akhil Raja\AppData\Local\Programs\Python\Python314\Lib\site-packages\replicate\client.py", line 89, in _request
    _raise_for_status(resp)
    ~~~~~~~~~~~~~~~~~^^^^^^
  File "C:\Users\Akhil Raja\AppData\Local\Programs\Python\Python314\Lib\site-packages\replicate\client.py", line 407, in _raise_for_status
    raise ReplicateError.from_response(resp)
replicate.exceptions.ReplicateError: ReplicateError Details:
status: 404
detail: The requested resource could not be found.

12:52:19 | INFO    | nepal_thrift | Try-on attempt with engine=composite

============================================================
FREE VIRTUAL TRY-ON (No Paid APIs)
============================================================
[Step 1] Loading mannequin...
  -> Mannequin size: (1024, 1024)
  -> Body positions: {'chest_y': 256, 'waist_y': 460, 'hip_y': 563, 'center_x': 512}

[Step 2] Processing: Vintage Denim Jacket
  -> Removing background...
  -> Placing at (437, 460) size 150x139
  OK Vintage Denim Jacket placed successfully

[Final] Processing result...
============================================================
OK VIRTUAL TRY-ON COMPLETE
============================================================

12:52:19 | INFO    | nepal_thrift | POST /api/ai/tryon/compose -> 200 (8640.3ms) [trace=441e8f91b1ed]
12:53:44 | INFO    | nepal_thrift | Try-on attempt with engine=replicate-vton
[12:53:44] ============================================================
[12:53:44] IDM-VTON Function Called
[12:53:44] API Key found: True
[12:53:44] API Key prefix: r8_UJltFgxYj10u...
[12:53:44] Mannequin: C:\Users\Akhil Raja\Downloads\nepal-thrift1-main\static\uploads\models\male_base.png (exists: True)
[12:53:44] Cloth: C:\Users\Akhil Raja\Downloads\nepal-thrift1-main\static\uploads\fa767c6bb4d14d5995fa79bed4e07915.jpg (exists: True)
[12:53:44] Category: upper_body
[12:53:44] Replicate client created
[12:53:44] Opening files...
[12:53:44] Files opened, calling Replicate API...
[12:53:44] Model: lucataco/kolors-virtual-try-on
[12:53:49] ERROR: ReplicateError Details:
status: 404
detail: The requested resource could not be found.
[12:53:49] Traceback:
Traceback (most recent call last):
  File "C:\Users\Akhil Raja\Downloads\nepal-thrift1-main\services\gemini_service.py", line 740, in replicate_idm_vton_tryon
    output = client.run(
        "lucataco/kolors-virtual-try-on",
    ...<5 lines>...
        }
    )
  File "C:\Users\Akhil Raja\AppData\Local\Programs\Python\Python314\Lib\site-packages\replicate\client.py", line 175, in run
    return run(self, ref, input, use_file_output=use_file_output, **params)
  File "C:\Users\Akhil Raja\AppData\Local\Programs\Python\Python314\Lib\site-packages\replicate\run.py", line 50, in run
    prediction = client.models.predictions.create(
        model=(owner, name), input=input or {}, **params
    )
  File "C:\Users\Akhil Raja\AppData\Local\Programs\Python\Python314\Lib\site-packages\replicate\model.py", line 405, in create
    resp = self._client._request("POST", path, json=body, **extras)
  File "C:\Users\Akhil Raja\AppData\Local\Programs\Python\Python314\Lib\site-packages\replicate\client.py", line 89, in _request
    _raise_for_status(resp)
    ~~~~~~~~~~~~~~~~~^^^^^^
  File "C:\Users\Akhil Raja\AppData\Local\Programs\Python\Python314\Lib\site-packages\replicate\client.py", line 407, in _raise_for_status
    raise ReplicateError.from_response(resp)
replicate.exceptions.ReplicateError: ReplicateError Details:
status: 404
detail: The requested resource could not be found.

12:53:49 | INFO    | nepal_thrift | Try-on attempt with engine=composite

============================================================
FREE VIRTUAL TRY-ON (No Paid APIs)
============================================================
[Step 1] Loading mannequin...
  -> Mannequin size: (1024, 1024)
  -> Body positions: {'chest_y': 256, 'waist_y': 460, 'hip_y': 563, 'center_x': 512}

[Step 2] Processing: Vintage Denim Jacket
  -> Removing background...
  -> Placing at (437, 460) size 150x139
  OK Vintage Denim Jacket placed successfully

[Final] Processing result...
============================================================
OK VIRTUAL TRY-ON COMPLETE
============================================================

12:53:50 | INFO    | nepal_thrift | POST /api/ai/tryon/compose -> 200 (5666.9ms) [trace=b388490a9175]
12:54:07 | INFO    | nepal_thrift | Database migration complete.
12:54:09 | INFO    | nepal_thrift | Nepal Thrift initialized (env=development)
